2026-02-14 14:07:45,084 - INFO - Processing: C:\Users\hirak\Desktop\Email_20260214_140715_image0.jpeg
2026-02-14 14:07:45,168 - ERROR - OCR Failed: Unsupported image format/type
2026-02-14 14:07:45,168 - INFO - No diet data found. Exiting.
2026-02-14 14:09:04,340 - INFO - Processing: C:\Users\hirak\Desktop\Email_20260214_140715_image0.jpeg
2026-02-14 14:09:04,415 - ERROR - OCR Failed: tesseract is not installed or it's not in your PATH. See README file for more information.
2026-02-14 14:09:04,415 - INFO - No diet data found. Exiting.
2026-02-14 14:09:48,590 - INFO - Processing: C:\Users\hirak\Desktop\Email_20260214_140715_image0.jpeg
2026-02-14 14:09:49,050 - INFO - OCR Result for C:\Users\hirak\Desktop\Email_20260214_140715_image0.jpeg:

2026-02-14 14:09:49,050 - INFO - Not enough keywords found. Probably not a diet screenshot.
2026-02-14 14:09:49,050 - INFO - No diet data found. Exiting.
2026-02-14 14:58:24,108 - INFO - Processing: C:\Users\hirak\Desktop\unnamed (5).jpg
2026-02-14 14:58:24,494 - INFO - OCR Result for C:\Users\hirak\Desktop\unnamed (5).jpg:

2026-02-14 14:58:24,494 - INFO - Not enough keywords found. Probably not a diet screenshot.
2026-02-14 14:58:24,496 - INFO - No diet data found. Exiting.
2026-02-14 15:06:31,864 - INFO - Processing: C:\Users\hirak\Desktop\unnamed (7).jpg
2026-02-14 15:06:32,228 - INFO - OCR Result for C:\Users\hirak\Desktop\unnamed (7).jpg:

2026-02-14 15:06:32,228 - INFO - Not enough keywords found. Probably not a diet screenshot.
2026-02-14 15:06:32,228 - INFO - No diet data found. Exiting.
2026-02-14 15:15:24,801 - INFO - Processing: C:\Users\hirak\Desktop\unnamed (8).jpg
2026-02-14 15:15:25,192 - INFO - OCR Result for C:\Users\hirak\Desktop\unnamed (8).jpg:

2026-02-14 15:15:25,192 - INFO - Not enough keywords found. Probably not a diet screenshot.
2026-02-14 15:15:25,192 - INFO - No diet data found. Exiting.
2026-02-14 15:25:12,839 - INFO - Processing: C:\Users\hirak\Desktop\unnamed (9).jpg
2026-02-14 15:25:13,297 - INFO - OCR Result for C:\Users\hirak\Desktop\unnamed (9).jpg:
WERORAREY
HRP LIGSHRINE


2026-02-14 15:25:13,297 - INFO - Not enough keywords found. Probably not a diet screenshot.
2026-02-14 15:25:13,297 - INFO - No diet data found. Exiting.
2026-02-14 15:35:35,910 - INFO - Processing: C:\Users\hirak\Desktop\518acad9-fd37-4ef9-a937-d0ce93c143c9.jpg
2026-02-14 15:35:36,533 - INFO - OCR Result for C:\Users\hirak\Desktop\518acad9-fd37-4ef9-a937-d0ce93c143c9.jpg:
なっ
oO SHED TY LH
EAN UUs

HMAC TW SR EIREE
MIRE : —DORMIAPUT BROWMAICATSOCT HY

GAPE : S&PSOOMAIBD 55.255 LRRT
N
リスクを減らす手法

HeAeiviseoo


2026-02-14 15:35:36,533 - INFO - Not enough keywords found. Probably not a diet screenshot.
2026-02-14 15:35:36,533 - INFO - No diet data found. Exiting.
2026-02-14 15:35:47,872 - INFO - Processing: C:\Users\hirak\Desktop\unnamed (10).jpg
2026-02-14 15:35:48,355 - INFO - OCR Result for C:\Users\hirak\Desktop\unnamed (10).jpg:
¥100,000/year

ュ全一
ツて発
co 2 eB
ツ失転
積いを
み “iB
£ DS
げ 者
る は
者
が


2026-02-14 15:35:48,355 - INFO - Not enough keywords found. Probably not a diet screenshot.
2026-02-14 15:35:48,355 - INFO - No diet data found. Exiting.
2026-02-14 15:51:41,421 - INFO - Processing: C:\Users\hirak\Desktop\unnamed (11).jpg
2026-02-14 15:51:42,046 - INFO - OCR Result for C:\Users\hirak\Desktop\unnamed (11).jpg:
M—~BRNP SO RAD
EmRV SOV SRE

WER

NY Fe A HOHE HBR © SHS 48°
ACA RY 5107”

PRE ORMMANS
BRHOUE PY ERS

MOIS SP pe
AREY REE SOU


2026-02-14 15:51:42,046 - INFO - Not enough keywords found. Probably not a diet screenshot.
2026-02-14 15:51:42,046 - INFO - No diet data found. Exiting.
2026-02-14 15:53:03,586 - INFO - Processing: C:\Users\hirak\Desktop\unnamed (12).jpg
2026-02-14 15:53:04,196 - INFO - OCR Result for C:\Users\hirak\Desktop\unnamed (12).jpg:
Ce
ae                        See CH MMRNOLS
べく0でPO…ee              Bl vEHeH SPV RLS

W EPIRA S Piprsse-
RRBVRRESOL-

2026-02-14 15:53:04,196 - INFO - Not enough keywords found. Probably not a diet screenshot.
2026-02-14 15:53:04,196 - INFO - No diet data found. Exiting.
2026-02-14 15:56:40,962 - INFO - Processing: C:\Users\hirak\Desktop\unnamed (11).jpg
2026-02-14 15:56:41,651 - INFO - OCR Result for C:\Users\hirak\Desktop\unnamed (11).jpg:
BRYSORS
RPIRHS®
v0’ BML SMEs

=年間1万円

1年目

BOs Ge eae
BLOKE
やつじ箇公固着

BEER MH nea 0 HEN
BIO US
BHA ver
BEVRRC RY

万円以上

20年目- 年間50
シン


2026-02-14 15:56:41,651 - INFO - Not enough keywords found. Probably not a diet screenshot.
2026-02-14 15:56:41,653 - INFO - No diet data found. Exiting.
2026-02-14 16:26:31,022 - INFO - Processing: C:\Users\hirak\Desktop\unnamed (12).jpg
2026-02-14 16:26:31,522 - INFO - OCR Result for C:\Users\hirak\Desktop\unnamed (12).jpg:
BRI V 50 O46                     トド

TARO | us" ORE IRL
WSBBULR OP SOMO MEK HIN!


2026-02-14 16:26:31,522 - INFO - Not enough keywords found. Probably not a diet screenshot.
2026-02-14 16:26:31,522 - INFO - No diet data found. Exiting.
2026-02-14 16:27:53,019 - INFO - Processing: C:\Users\hirak\Desktop\unnamed (3).jpg
2026-02-14 16:27:53,621 - INFO - OCR Result for C:\Users\hirak\Desktop\unnamed (3).jpg:
KRRMESIN

PUD OE IN?
KKEECNPCR
PVE PIROLY See

REORREY hE NK
AHO OPV PPR

SQHVEOINEY
HORII DA

wes TERI ©
WRIAHME SL /


2026-02-14 16:27:53,621 - INFO - Not enough keywords found. Probably not a diet screenshot.
2026-02-14 16:27:53,621 - INFO - No diet data found. Exiting.
2026-02-14 16:28:05,098 - INFO - Processing: C:\Users\hirak\Desktop\unnamed (11).jpg
2026-02-14 16:28:05,725 - INFO - OCR Result for C:\Users\hirak\Desktop\unnamed (11).jpg:
KRRMESIN

PUD OE IN?
KKEECNPCR
PVE PIROLY See

REORREY hE NK
AHO OPV PPR

SQHVEOINEY
HORII DA

wes TERI ©
WRIAHME SL /


2026-02-14 16:28:05,725 - INFO - Not enough keywords found. Probably not a diet screenshot.
2026-02-14 16:28:05,725 - INFO - No diet data found. Exiting.
2026-02-14 16:30:47,433 - INFO - Processing: C:\Users\hirak\Desktop\unnamed (12).jpg
2026-02-14 16:30:47,856 - INFO - OCR Result for C:\Users\hirak\Desktop\unnamed (12).jpg:
HVE ORES
YR TIME COR | 6°


2026-02-14 16:30:47,856 - INFO - Not enough keywords found. Probably not a diet screenshot.
2026-02-14 16:30:47,856 - INFO - No diet data found. Exiting.
