Watcher started for process 'notepad' at 02/01/2026 08:43:23
Detected start of process at 02/01/2026 08:43:24
Detected exit of process at 02/01/2026 08:43:31. Running commit script...
Commit script finished at 02/01/2026 08:43:33
Detected start of process at 02/01/2026 08:43:41
Detected exit of process at 02/01/2026 08:44:02. Running commit script...
Commit script finished at 02/01/2026 08:44:03
Watcher started for process 'cmd' at 02/01/2026 08:46:17
Detected start of process at 02/01/2026 08:46:17
Watcher started for process 'Antigravity' at 02/01/2026 08:49:26
Detected start of process Antigravity (PID 19004) at 02/01/2026 08:49:26
Detected exit of process 19004 at 02/01/2026 08:53:14. Running commit script...
Commit script finished at 02/01/2026 08:53:15 with exit code 0
Detected start of process Antigravity (PID 12000) at 02/01/2026 08:53:32
Detected exit of process 12000 at 02/01/2026 08:53:52. Running commit script...
Commit script finished at 02/01/2026 08:53:53 with exit code 0
Detected start of process Antigravity (PID 5860) at 02/01/2026 08:53:54
Detected exit of process 5860 at 02/01/2026 09:46:03. Running commit script...
Commit script finished at 02/01/2026 09:46:04 with exit code 0
Watcher started for process 'Antigravity' at 02/01/2026 18:14:42
Watcher started for process 'Antigravity' at 02/01/2026 18:14:48
Detected start of process Antigravity (PID 21868) at 02/01/2026 18:15:16
Detected start of process Antigravity (PID 22124) at 02/01/2026 18:15:16
Detected exit of process 21868 at 02/01/2026 23:45:08. Running commit script...
Commit script finished at 02/01/2026 23:45:23 with exit code 0
Detected start of process Antigravity (PID 18604) at 02/01/2026 23:45:35
Detected exit of process 18604 at 02/01/2026 23:45:43. Running commit script...
Commit script finished at 02/01/2026 23:45:44 with exit code 0
Watcher started for process 'Antigravity' at 02/02/2026 10:49:39
Watcher started for process 'Antigravity' at 02/02/2026 10:49:51
Detected start of process Antigravity (PID 2904) at 02/02/2026 10:51:10
Detected start of process Antigravity (PID 2904) at 02/02/2026 10:51:10
Tracked PID 2904 disappeared unexpectedly at 02/02/2026 10:51:14. Running commit script...
Tracked PID 2904 disappeared unexpectedly at 02/02/2026 10:51:14. Running commit script...
Commit script finished at 02/02/2026 10:51:16 with exit code 0
Commit script finished at 02/02/2026 10:51:16 with exit code 0
Detected start of process Antigravity (PID 16776) at 02/02/2026 10:51:18
Detected start of process Antigravity (PID 16776) at 02/02/2026 10:51:18
Detected exit of process 16776 at 02/02/2026 11:39:24. Running commit script...
Detected exit of process 16776 at 02/02/2026 11:39:25. Running commit script...
Commit script finished at 02/02/2026 11:39:26 with exit code 0
Watcher started for process 'Antigravity' at 02/02/2026 19:23:54
Watcher started for process 'Antigravity' at 02/02/2026 19:24:00
Detected start of process Antigravity (PID 9456) at 02/02/2026 19:31:06
Detected exit of process 9456 at 02/02/2026 19:32:11. Running commit script...
Commit script finished at 02/02/2026 19:32:13 with exit code 0
Detected start of process Antigravity (PID 20148) at 02/02/2026 19:32:15
Tracked PID 20148 disappeared unexpectedly at 02/02/2026 20:15:55. Running commit script...
Commit script finished at 02/02/2026 20:15:59 with exit code 0
Detected start of process Antigravity (PID 20580) at 02/02/2026 20:16:01
Tracked PID 20580 disappeared unexpectedly at 02/02/2026 23:21:49. Running commit script...
Commit script finished at 02/02/2026 23:21:55 with exit code 0
Detected start of process Antigravity (PID 1880) at 02/02/2026 23:21:57
Detected exit of process 1880 at 02/02/2026 23:33:33. Running commit script...
Commit script finished at 02/02/2026 23:33:34 with exit code 0
Watcher started for process 'Antigravity' at 02/03/2026 08:01:17
Watcher started for process 'Antigravity' at 02/03/2026 08:01:22
Detected start of process Antigravity (PID 18716) at 02/03/2026 08:01:22
Detected start of process Antigravity (PID 13192) at 02/03/2026 08:01:23
Detected exit of process 13192 at 02/03/2026 08:08:13. Running commit script...
Detected exit of process 18716 at 02/03/2026 08:08:14. Running commit script...
Commit script finished at 02/03/2026 08:08:14 with exit code 0
Commit script finished at 02/03/2026 08:08:15 with exit code 0
Detected start of process Antigravity (PID 3804) at 02/03/2026 08:08:16
Detected start of process Antigravity (PID 3804) at 02/03/2026 08:08:17
Detected exit of process 3804 at 02/03/2026 09:50:29. Running commit script...
Tracked PID 3804 disappeared unexpectedly at 02/03/2026 09:50:31. Running commit script...
Commit script finished at 02/03/2026 09:50:33 with exit code 0
Detected start of process Antigravity (PID 9504) at 02/03/2026 09:50:35
Commit script finished at 02/03/2026 09:50:36 with exit code 0
Detected start of process Antigravity (PID 12292) at 02/03/2026 09:50:38
Tracked PID 9504 disappeared unexpectedly at 02/03/2026 10:02:21. Running commit script...
Detected exit of process 12292 at 02/03/2026 10:02:21. Running commit script...
Commit script finished at 02/03/2026 10:02:22 with exit code 0
Commit script finished at 02/03/2026 10:02:24 with exit code 0
Detected start of process Antigravity (PID 8304) at 02/03/2026 10:02:24
Detected start of process Antigravity (PID 392) at 02/03/2026 10:02:26
Tracked PID 392 disappeared unexpectedly at 02/03/2026 10:30:27. Running commit script...
Detected exit of process 8304 at 02/03/2026 10:30:28. Running commit script...
Commit script finished at 02/03/2026 10:30:29 with exit code 0
Detected start of process Antigravity (PID 24048) at 02/03/2026 10:30:31
Commit script finished at 02/03/2026 10:30:31 with exit code 0
Detected start of process Antigravity (PID 12376) at 02/03/2026 10:30:33
Detected exit of process 24048 at 02/03/2026 11:29:22. Running commit script...
Detected exit of process 12376 at 02/03/2026 11:29:22. Running commit script...
Commit script finished at 02/03/2026 11:29:23 with exit code 1
Detected start of process Antigravity (PID 11736) at 02/03/2026 16:03:34
Tracked PID 11736 disappeared unexpectedly at 02/03/2026 19:55:00. Running commit script...
Commit script finished at 02/03/2026 19:55:04 with exit code 0
Detected start of process Antigravity (PID 21184) at 02/03/2026 19:55:06
Detected exit of process 21184 at 02/03/2026 20:19:27. Running commit script...
Commit script finished at 02/03/2026 20:19:31 with exit code 0
Detected start of process Antigravity (PID 13012) at 02/03/2026 20:19:33
Detected exit of process 13012 at 02/03/2026 20:27:49. Running commit script...
Commit script finished at 02/03/2026 20:27:52 with exit code 0
Detected start of process Antigravity (PID 13840) at 02/03/2026 22:00:25
Detected exit of process 13840 at 02/03/2026 22:03:23. Running commit script...
Commit script finished at 02/03/2026 22:03:25 with exit code 1
Detected start of process Antigravity (PID 15588) at 02/03/2026 22:03:27
Watcher started for process 'Antigravity' at 02/04/2026 08:38:05
Detected start of process Antigravity (PID 16224) at 02/04/2026 08:38:10
Tracked PID 16224 disappeared unexpectedly at 02/04/2026 08:38:12. Running commit script...
Commit script finished at 02/04/2026 08:38:16 with exit code 1
Detected start of process Antigravity (PID 27756) at 02/04/2026 08:38:18
Watcher started for process 'Antigravity' at 02/04/2026 08:38:27
Detected start of process Antigravity (PID 27756) at 02/04/2026 08:38:27
Tracked PID 27756 disappeared unexpectedly at 02/04/2026 08:44:12. Running commit script...
Tracked PID 27756 disappeared unexpectedly at 02/04/2026 08:44:13. Running commit script...
Commit script finished at 02/04/2026 08:44:16 with exit code 0
Commit script finished at 02/04/2026 08:44:16 with exit code 1
Detected start of process Antigravity (PID 19316) at 02/04/2026 08:44:18
Detected start of process Antigravity (PID 19316) at 02/04/2026 08:44:18
Tracked PID 19316 disappeared unexpectedly at 02/04/2026 08:44:56. Running commit script...
Tracked PID 19316 disappeared unexpectedly at 02/04/2026 08:44:57. Running commit script...
Commit script finished at 02/04/2026 08:44:58 with exit code 1
Commit script finished at 02/04/2026 08:44:59 with exit code 1
Detected start of process Antigravity (PID 26324) at 02/04/2026 08:45:01
Detected start of process Antigravity (PID 26324) at 02/04/2026 08:45:01
Watcher started for process 'Antigravity' at 02/04/2026 09:09:50
Detected start of process Antigravity (PID 14972) at 02/04/2026 09:10:00
Watcher started for process 'Antigravity' at 02/04/2026 09:10:43
Detected start of process Antigravity (PID 18824) at 02/04/2026 09:10:43
Detected exit of process 18824 at 02/04/2026 10:55:11. Running commit script...
Commit script finished at 02/04/2026 10:55:17 with exit code 0
Detected start of process Antigravity (PID 17580) at 02/04/2026 10:55:19
Tracked PID 17580 disappeared unexpectedly at 02/04/2026 11:08:58. Running commit script...
Commit script finished at 02/04/2026 11:09:04 with exit code 0
Detected start of process Antigravity (PID 9368) at 02/04/2026 11:09:06
Detected exit of process 9368 at 02/04/2026 11:09:18. Running commit script...
Commit script finished at 02/04/2026 11:09:21 with exit code 1
Detected start of process Antigravity (PID 20100) at 02/04/2026 11:09:23
Detected exit of process 20100 at 02/04/2026 11:49:24. Running commit script...
Commit script finished at 02/04/2026 11:49:29 with exit code 0
Detected start of process Antigravity (PID 24024) at 02/04/2026 11:49:31
Detected exit of process 24024 at 02/04/2026 11:50:17. Running commit script...
Commit script finished at 02/04/2026 11:50:19 with exit code 1
Watcher started for process 'Antigravity' at 02/04/2026 23:17:08
Detected start of process Antigravity (PID 14220) at 02/04/2026 23:17:10
Watcher started for process 'Antigravity' at 02/04/2026 23:17:36
Detected start of process Antigravity (PID 2164) at 02/04/2026 23:17:36
Tracked PID 2164 disappeared unexpectedly at 02/04/2026 23:45:12. Running commit script...
Tracked PID 14220 disappeared unexpectedly at 02/04/2026 23:45:13. Running commit script...
Commit script finished at 02/04/2026 23:45:16 with exit code 1
Commit script finished at 02/04/2026 23:45:18 with exit code 0
Detected start of process Antigravity (PID 12908) at 02/04/2026 23:45:18
Detected start of process Antigravity (PID 16220) at 02/04/2026 23:45:20
Detected exit of process 12908 at 02/05/2026 00:20:52. Running commit script...
Detected exit of process 16220 at 02/05/2026 00:20:52. Running commit script...
Commit script finished at 02/05/2026 00:20:54 with exit code 128
Watcher started for process 'Antigravity' at 02/05/2026 09:00:00
Detected start of process Antigravity (PID 22152) at 02/05/2026 09:00:12
Watcher started for process 'Antigravity' at 02/05/2026 09:01:06
Detected start of process Antigravity (PID 11384) at 02/05/2026 09:01:06
Detected exit of process 22152 at 02/05/2026 09:15:12. Running commit script...
Tracked PID 11384 disappeared unexpectedly at 02/05/2026 09:15:13. Running commit script...
Commit script finished at 02/05/2026 09:15:15 with exit code 1
Commit script finished at 02/05/2026 09:15:16 with exit code 1
Detected start of process Antigravity (PID 23424) at 02/05/2026 09:15:17
Detected start of process Antigravity (PID 6416) at 02/05/2026 09:15:18
Tracked PID 6416 disappeared unexpectedly at 02/05/2026 11:17:07. Running commit script...
Detected exit of process 23424 at 02/05/2026 11:17:08. Running commit script...
Commit script finished at 02/05/2026 11:17:11 with exit code 1
Commit script finished at 02/05/2026 11:17:12 with exit code 0
Watcher started for process 'Antigravity' at 02/05/2026 13:50:45
Detected start of process Antigravity (PID 12096) at 02/05/2026 13:50:46
Watcher started for process 'Antigravity' at 02/05/2026 13:52:12
Detected start of process Antigravity (PID 19288) at 02/05/2026 13:52:12
Tracked PID 12096 disappeared unexpectedly at 02/05/2026 13:55:53. Running commit script...
Detected exit of process 19288 at 02/05/2026 13:55:54. Running commit script...
Commit script finished at 02/05/2026 13:55:57 with exit code 1
Commit script finished at 02/05/2026 13:55:57 with exit code 1
Detected start of process Antigravity (PID 13104) at 02/05/2026 13:56:05
Detected start of process Antigravity (PID 13104) at 02/05/2026 13:56:05
Detected exit of process 13104 at 02/05/2026 18:27:16. Running commit script...
Commit script finished at 02/05/2026 18:27:20 with exit code 0
Detected start of process Antigravity (PID 13848) at 02/05/2026 18:33:25
Detected exit of process 13848 at 02/05/2026 18:43:32. Running commit script...
Commit script finished at 02/05/2026 18:43:34 with exit code 1
Watcher started for process 'Antigravity' at 02/05/2026 22:59:51
Detected start of process Antigravity (PID 19516) at 02/05/2026 22:59:52
Watcher started for process 'Antigravity' at 02/05/2026 23:00:25
Detected start of process Antigravity (PID 12748) at 02/05/2026 23:00:25
Detected exit of process 19516 at 02/05/2026 23:55:42. Running commit script...
Detected exit of process 12748 at 02/05/2026 23:55:42. Running commit script...
Commit script finished at 02/05/2026 23:55:44 with exit code 128
Commit script finished at 02/05/2026 23:55:46 with exit code 0
Detected start of process Antigravity (PID 15272) at 02/05/2026 23:55:50
Detected start of process Antigravity (PID 15272) at 02/05/2026 23:55:50
Detected exit of process 15272 at 02/06/2026 09:39:16. Running commit script...
Commit script finished at 02/06/2026 09:39:19 with exit code 1073807364
Watcher started for process 'Antigravity' at 02/06/2026 09:40:21
Detected start of process Antigravity (PID 15980) at 02/06/2026 09:40:23
Watcher started for process 'Antigravity' at 02/06/2026 09:40:33
Detected start of process Antigravity (PID 17544) at 02/06/2026 09:40:33
Detected exit of process 17544 at 02/06/2026 09:41:02. Running commit script...
Tracked PID 15980 disappeared unexpectedly at 02/06/2026 09:41:04. Running commit script...
Commit script finished at 02/06/2026 09:41:04 with exit code 1
Commit script finished at 02/06/2026 09:41:06 with exit code 1
Detected start of process Antigravity (PID 17100) at 02/06/2026 09:41:06
Detected start of process Antigravity (PID 6176) at 02/06/2026 09:41:08
Detected exit of process 6176 at 02/06/2026 09:53:56. Running commit script...
Detected exit of process 17100 at 02/06/2026 09:53:56. Running commit script...
Commit script finished at 02/06/2026 09:53:58 with exit code 128
Commit script finished at 02/06/2026 09:54:00 with exit code 0
Detected start of process Antigravity (PID 8052) at 02/06/2026 09:54:00
Detected start of process Antigravity (PID 8052) at 02/06/2026 09:54:02
Detected exit of process 8052 at 02/06/2026 15:02:38. Running commit script...
Watcher started for process 'Antigravity' at 02/06/2026 16:05:39
Detected start of process Antigravity (PID 18160) at 02/06/2026 16:05:39
Detected exit of process 18160 at 02/06/2026 16:47:55. Running commit script...
Commit script finished at 02/06/2026 16:47:59 with exit code 0
Watcher started for process 'Antigravity' at 02/06/2026 16:49:31
Watcher started for process 'Antigravity' at 02/06/2026 16:49:37
Detected start of process Antigravity (PID 12540) at 02/06/2026 16:49:57
Detected start of process Antigravity (PID 12540) at 02/06/2026 16:49:58
Detected exit of process 12540 at 02/06/2026 17:33:16. Running commit script...
Detected exit of process 12540 at 02/06/2026 17:33:16. Running commit script...
Commit script finished at 02/06/2026 17:33:17 with exit code 128
Commit script finished at 02/06/2026 17:33:21 with exit code 0
Watcher started for process 'Antigravity' at 02/06/2026 19:12:30
Detected start of process Antigravity (PID 8212) at 02/06/2026 19:12:30
Watcher started for process 'Antigravity' at 02/06/2026 19:12:56
Detected start of process Antigravity (PID 18068) at 02/06/2026 19:12:56
Detected exit of process 18068 at 02/07/2026 00:00:39. Running commit script...
Watcher started for process 'Antigravity' at 02/07/2026 10:29:11
Detected start of process Antigravity (PID 10180) at 02/07/2026 10:29:13
Watcher started for process 'Antigravity' at 02/07/2026 10:30:12
Detected start of process Antigravity (PID 23152) at 02/07/2026 10:30:12
Detected exit of process 23152 at 02/07/2026 11:45:18. Running commit script...
Tracked PID 10180 disappeared unexpectedly at 02/07/2026 11:45:19. Running commit script...
Commit script finished at 02/07/2026 11:45:21 with exit code 1
Commit script finished at 02/07/2026 11:45:22 with exit code 0
Detected start of process Antigravity (PID 12292) at 02/07/2026 11:45:23
Detected start of process Antigravity (PID 12292) at 02/07/2026 11:45:24
Watcher started for process 'Antigravity' at 02/07/2026 14:41:01
Detected start of process Antigravity (PID 4788) at 02/07/2026 14:41:05
Watcher started for process 'Antigravity' at 02/07/2026 14:41:20
Detected start of process Antigravity (PID 27252) at 02/07/2026 14:41:20
Tracked PID 27252 disappeared unexpectedly at 02/07/2026 15:37:48. Running commit script...
Detected exit of process 4788 at 02/07/2026 15:37:50. Running commit script...
Commit script finished at 02/07/2026 15:37:52 with exit code 1
Commit script finished at 02/07/2026 15:37:53 with exit code 0
Detected start of process Antigravity (PID 13340) at 02/07/2026 15:39:22
Detected start of process Antigravity (PID 14540) at 02/07/2026 15:39:22
Detected exit of process 13340 at 02/07/2026 15:45:53. Running commit script...
Commit script finished at 02/07/2026 15:45:56 with exit code 0
Watcher started for process 'Antigravity' at 02/07/2026 16:24:24
Detected start of process Antigravity (PID 22084) at 02/07/2026 16:24:26
Watcher started for process 'Antigravity' at 02/07/2026 16:24:48
Detected start of process Antigravity (PID 5516) at 02/07/2026 16:24:48
Watcher started for process 'Antigravity' at 02/07/2026 23:05:32
Detected start of process Antigravity (PID 7508) at 02/07/2026 23:05:32
Detected exit of process 7508 at 02/07/2026 23:47:10. Running commit script...
Watcher started for process 'Antigravity' at 02/08/2026 08:59:21
Watcher started for process 'Antigravity' at 02/08/2026 08:59:26
Detected start of process Antigravity (PID 5292) at 02/08/2026 09:00:46
Detected start of process Antigravity (PID 5292) at 02/08/2026 09:00:47
Watcher started for process 'Antigravity' at 02/08/2026 12:40:20
Detected start of process Antigravity (PID 8512) at 02/08/2026 12:42:08
Watcher disabled because flag file was not found: C:\Users\hirak\Desktop\2nd-Brain\scripts\.autocommit-enabled (02/08/2026 14:07:14)
Watcher disabled because flag file was not found: C:\Users\hirak\Desktop\2nd-Brain\scripts\.autocommit-enabled (02/08/2026 17:43:44)
Watcher disabled because flag file was not found: C:\Users\hirak\Desktop\2nd-Brain\scripts\.autocommit-enabled (02/09/2026 10:31:52)
Watcher disabled because flag file was not found: C:\Users\hirak\Desktop\2nd-Brain\scripts\.autocommit-enabled (02/09/2026 20:58:13)
Watcher disabled because flag file was not found: C:\Users\hirak\Desktop\2nd-Brain\scripts\.autocommit-enabled (02/10/2026 10:55:38)
Watcher disabled because flag file was not found: C:\Users\hirak\Desktop\2nd-Brain\scripts\.autocommit-enabled (02/11/2026 00:41:03)
Watcher disabled because flag file was not found: C:\Users\hirak\Desktop\2nd-Brain\scripts\.autocommit-enabled (02/12/2026 09:15:34)
Watcher disabled because flag file was not found: C:\Users\hirak\Desktop\2nd-Brain\scripts\.autocommit-enabled (02/12/2026 21:40:02)
Watcher disabled because flag file was not found: C:\Users\hirak\Desktop\2nd-Brain\scripts\.autocommit-enabled (02/13/2026 11:38:43)
Watcher disabled because flag file was not found: C:\Users\hirak\Desktop\2nd-Brain\scripts\.autocommit-enabled (02/13/2026 21:57:16)
Watcher disabled because flag file was not found: C:\Users\hirak\Desktop\2nd-Brain\scripts\.autocommit-enabled (02/14/2026 10:31:44)
Watcher disabled because flag file was not found: C:\Users\hirak\Desktop\2nd-Brain\scripts\.autocommit-enabled (02/15/2026 08:56:52)
Watcher disabled because flag file was not found: C:\Users\hirak\Desktop\2nd-Brain\scripts\.autocommit-enabled (02/15/2026 09:00:24)
Watcher disabled because flag file was not found: C:\Users\hirak\Desktop\2nd-Brain\scripts\.autocommit-enabled (02/15/2026 11:07:41)
Watcher disabled because flag file was not found: C:\Users\hirak\Desktop\2nd-Brain\scripts\.autocommit-enabled (02/15/2026 13:27:29)
Watcher disabled because flag file was not found: C:\Users\hirak\Desktop\2nd-Brain\scripts\.autocommit-enabled (02/15/2026 21:00:31)
Watcher disabled because flag file was not found: C:\Users\hirak\Desktop\2nd-Brain\scripts\.autocommit-enabled (02/16/2026 09:35:55)
Watcher disabled because flag file was not found: C:\Users\hirak\Desktop\2nd-Brain\scripts\.autocommit-enabled (02/16/2026 13:21:15)
Watcher disabled because flag file was not found: C:\Users\hirak\Desktop\2nd-Brain\scripts\.autocommit-enabled (02/16/2026 22:27:13)
Watcher disabled because flag file was not found: C:\Users\hirak\Desktop\2nd-Brain\scripts\.autocommit-enabled (02/19/2026 09:33:43)
Watcher disabled because flag file was not found: C:\Users\hirak\Desktop\2nd-Brain\scripts\.autocommit-enabled (02/19/2026 15:01:47)
Watcher disabled because flag file was not found: C:\Users\hirak\Desktop\2nd-Brain\scripts\.autocommit-enabled (02/19/2026 21:51:33)
Watcher disabled because flag file was not found: C:\Users\hirak\Desktop\2nd-Brain\scripts\.autocommit-enabled (02/20/2026 08:42:21)
Watcher disabled because flag file was not found: C:\Users\hirak\Desktop\2nd-Brain\scripts\.autocommit-enabled (02/20/2026 10:32:12)
Watcher disabled because flag file was not found: C:\Users\hirak\Desktop\2nd-Brain\scripts\.autocommit-enabled (02/20/2026 12:14:46)
Watcher disabled because flag file was not found: C:\Users\hirak\Desktop\2nd-Brain\scripts\.autocommit-enabled (02/20/2026 15:54:12)
Watcher disabled because flag file was not found: C:\Users\hirak\Desktop\2nd-Brain\scripts\.autocommit-enabled (02/21/2026 09:51:04)
Watcher disabled because flag file was not found: C:\Users\hirak\Desktop\2nd-Brain\scripts\.autocommit-enabled (02/21/2026 14:33:31)
Watcher disabled because flag file was not found: C:\Users\hirak\Desktop\2nd-Brain\scripts\.autocommit-enabled (02/22/2026 08:58:47)
Watcher disabled because flag file was not found: C:\Users\hirak\Desktop\2nd-Brain\scripts\.autocommit-enabled (02/23/2026 08:51:29)
Watcher disabled because flag file was not found: C:\Users\hirak\Desktop\2nd-Brain\scripts\.autocommit-enabled (02/23/2026 22:20:15)
Watcher disabled because flag file was not found: C:\Users\hirak\Desktop\2nd-Brain\scripts\.autocommit-enabled (02/24/2026 08:54:10)
Watcher disabled because flag file was not found: C:\Users\hirak\Desktop\2nd-Brain\scripts\.autocommit-enabled (02/24/2026 15:20:41)
Watcher disabled because flag file was not found: C:\Users\hirak\Desktop\2nd-Brain\scripts\.autocommit-enabled (02/25/2026 08:38:50)
Watcher disabled because flag file was not found: C:\Users\hirak\Desktop\2nd-Brain\scripts\.autocommit-enabled (02/26/2026 14:46:30)
Watcher disabled because flag file was not found: C:\Users\hirak\Desktop\2nd-Brain\scripts\.autocommit-enabled (02/27/2026 12:54:02)
Watcher disabled because flag file was not found: C:\Users\hirak\Desktop\2nd-Brain\scripts\.autocommit-enabled (02/28/2026 09:05:03)
Watcher disabled because flag file was not found: C:\Users\hirak\Desktop\2nd-Brain\scripts\.autocommit-enabled (02/28/2026 13:13:03)
Watcher disabled because flag file was not found: C:\Users\hirak\Desktop\2nd-Brain\scripts\.autocommit-enabled (03/01/2026 09:00:21)
Watcher disabled because flag file was not found: C:\Users\hirak\Desktop\2nd-Brain\scripts\.autocommit-enabled (03/02/2026 13:22:29)
Watcher disabled because flag file was not found: C:\Users\hirak\Desktop\2nd-Brain\scripts\.autocommit-enabled (03/02/2026 16:44:35)
Watcher disabled because flag file was not found: C:\Users\hirak\Desktop\2nd-Brain\scripts\.autocommit-enabled (03/03/2026 08:39:16)
Watcher disabled because flag file was not found: C:\Users\hirak\Desktop\2nd-Brain\scripts\.autocommit-enabled (03/03/2026 15:20:59)
Watcher disabled because flag file was not found: C:\Users\hirak\Desktop\2nd-Brain\scripts\.autocommit-enabled (03/04/2026 08:37:03)
Watcher disabled because flag file was not found: C:\Users\hirak\Desktop\2nd-Brain\scripts\.autocommit-enabled (03/04/2026 11:19:15)
Watcher disabled because flag file was not found: C:\Users\hirak\Desktop\2nd-Brain\scripts\.autocommit-enabled (03/04/2026 13:42:23)
Watcher disabled because flag file was not found: C:\Users\hirak\Desktop\2nd-Brain\scripts\.autocommit-enabled (03/04/2026 16:04:30)
Watcher disabled because flag file was not found: C:\Users\hirak\Desktop\2nd-Brain\scripts\.autocommit-enabled (03/04/2026 18:03:10)
Watcher disabled because flag file was not found: C:\Users\hirak\Desktop\2nd-Brain\scripts\.autocommit-enabled (03/05/2026 15:08:40)
Watcher disabled because flag file was not found: C:\Users\hirak\Desktop\2nd-Brain\scripts\.autocommit-enabled (03/05/2026 16:29:30)
Watcher disabled because flag file was not found: C:\Users\hirak\Desktop\2nd-Brain\scripts\.autocommit-enabled (03/05/2026 19:25:06)
Watcher disabled because flag file was not found: C:\Users\hirak\Desktop\2nd-Brain\scripts\.autocommit-enabled (03/05/2026 21:54:48)
Watcher disabled because flag file was not found: C:\Users\hirak\Desktop\2nd-Brain\scripts\.autocommit-enabled (03/06/2026 08:27:44)
Watcher disabled because flag file was not found: C:\Users\hirak\Desktop\2nd-Brain\scripts\.autocommit-enabled (03/06/2026 11:30:29)
Watcher disabled because flag file was not found: C:\Users\hirak\Desktop\2nd-Brain\scripts\.autocommit-enabled (03/06/2026 17:28:17)
Watcher disabled because flag file was not found: C:\Users\hirak\Desktop\2nd-Brain\scripts\.autocommit-enabled (03/07/2026 09:01:52)
Watcher disabled because flag file was not found: C:\Users\hirak\Desktop\2nd-Brain\scripts\.autocommit-enabled (03/07/2026 10:13:26)
Watcher disabled because flag file was not found: C:\Users\hirak\Desktop\2nd-Brain\scripts\.autocommit-enabled (03/08/2026 08:58:45)
Watcher disabled because flag file was not found: C:\Users\hirak\Desktop\2nd-Brain\scripts\.autocommit-enabled (03/09/2026 12:47:47)
Watcher disabled because flag file was not found: C:\Users\hirak\Desktop\2nd-Brain\scripts\.autocommit-enabled (03/11/2026 08:56:04)
